// Jest Snapshot v1, https://goo.gl/fbAQLP

exports[`<PostCard /> should match snapshot 1`] = `
<div>
  <a
    href="/test"
  >
    <div
      class="grid grid-cols-12 row-gap-0 col-gap-6 mb-8"
    >
      <div
        class="hidden w-24 col-span-12 mb-8 md:inline-block md:mb-0 md:w-auto md:col-span-2 lg:col-span-1"
      >
        <div
          class="py-1 text-center text-white uppercase bg-Brand-green"
        >
          Dec
        </div>
        <div
          class="py-3 text-center bg-whiteBright"
        >
          <span
            class="block mt-1 text-grayWarm"
          >
            1998
          </span>
        </div>
      </div>
      <div
        class="col-span-12 shadow-sm bg-whiteBright md:col-span-10 lg:col-span-11"
      >
        <div
          class="flex flex-col lg:grid lg:grid-cols-11 lg:gap-6"
        >
          <div
            class="lg:col-span-6"
          >
            <img
              alt="Post"
              class="h-full"
              loading="lazy"
              src="/test-image.jpg"
              width="100%"
            />
          </div>
          <div
            class="p-10 pb-12 lg:pr-12 lg:pl-6 lg:py-12 lg:col-span-5"
          >
            <div
              class="inline-block px-4 py-1 text-sm text-white rounded-3xl bg-Brand-green"
            >
              <div
                class="flex items-center"
              >
                <img
                  alt="Category"
                  class="w-6 h-6 mr-2"
                  src="test-file-stub"
                />
                <span
                  class="font-light tracking-wider uppercase"
                >
                  Post card category
                </span>
              </div>
            </div>
            <h3
              class="mt-4 displayLG lg:displayXL"
              data-testid="postcardTitle"
            >
              Post card title
            </h3>
          </div>
        </div>
      </div>
    </div>
  </a>
</div>
`;
