// Jest Snapshot v1, https://goo.gl/fbAQLP

exports[`<HeaderOpen /> should match snapshot 1`] = `
<div>
  <div
    class="headerContainer fadedBorder"
  >
    <div
      class="header container"
    >
      <a
        class="headerLogo"
        href="/"
      >
        <img
          alt="Test Site"
          class="headerLogoImage"
          src="test-file-stub"
        />
      </a>
      <svg
        class="headerMenuIcon"
        fill="none"
        height="24"
        stroke="currentColor"
        stroke-linecap="round"
        stroke-linejoin="round"
        stroke-width="2"
        viewBox="0 0 24 24"
        width="24"
        xmlns="http://www.w3.org/2000/svg"
      >
        <line
          x1="18"
          x2="6"
          y1="6"
          y2="18"
        />
        <line
          x1="6"
          x2="18"
          y1="6"
          y2="18"
        />
      </svg>
    </div>
    <nav
      class="headerNavigation container"
    >
      <ol>
        <li
          class="animate-reveal uiRegular headerNavigationLink delay-1"
          data-testid="subLinkMenu"
        >
          <span
            class="headerNavigationSubMenu"
          >
            Link 1
            <svg
              fill="none"
              height="24"
              stroke="currentColor"
              stroke-linecap="round"
              stroke-linejoin="round"
              stroke-width="2"
              viewBox="0 0 24 24"
              width="24"
              xmlns="http://www.w3.org/2000/svg"
            >
              <polyline
                points="6 9 12 15 18 9"
              />
            </svg>
          </span>
          <div
            class="hidden"
            data-testid="subLinkMenuList"
          >
            <a
              class="uiRegular"
              href="Sub link-1"
            >
              Sub Link 1
            </a>
          </div>
        </li>
        <li
          class="animate-reveal uiRegular headerNavigationLink delay-2"
          data-testid="subLinkMenu"
        >
          <span
            class="headerNavigationSubMenu"
          >
            Link 2
            <svg
              fill="none"
              height="24"
              stroke="currentColor"
              stroke-linecap="round"
              stroke-linejoin="round"
              stroke-width="2"
              viewBox="0 0 24 24"
              width="24"
              xmlns="http://www.w3.org/2000/svg"
            >
              <polyline
                points="6 9 12 15 18 9"
              />
            </svg>
          </span>
          <div
            class="hidden"
            data-testid="subLinkMenuList"
          >
            <a
              class="uiRegular"
              href="Sub link-1"
            >
              Sub Link 1
            </a>
          </div>
        </li>
        <li
          class="animate-reveal headerNavigationLink delay-3"
          data-testid="headerOpenNavigationLink"
        >
          <a
            class="uiRegular"
            href="link-3"
          >
            Link 3
          </a>
        </li>
        <li
          class="animate-reveal uiRegular delay-4"
        >
          <a
            class="uiRegular"
            href="/contact"
          >
            Contact
          </a>
        </li>
      </ol>
    </nav>
  </div>
</div>
`;
