// Jest Snapshot v1, https://goo.gl/fbAQLP

exports[`<ProductCard /> should match snapshot 1`] = `
<div>
  <div
    class="slick-slider slick-initialized"
    dir="ltr"
  >
    <div
      class="slick-arrow slick-prev slick-disabled"
      style="display: block;"
    >
      <svg
        fill="none"
        height="24"
        stroke="currentColor"
        stroke-linecap="round"
        stroke-linejoin="round"
        stroke-width="2"
        viewBox="0 0 24 24"
        width="24"
        xmlns="http://www.w3.org/2000/svg"
      >
        <line
          x1="19"
          x2="5"
          y1="12"
          y2="12"
        />
        <polyline
          points="12 19 5 12 12 5"
        />
      </svg>
    </div>
    <div
      class="slick-list"
    >
      <div
        class="slick-track"
        style="opacity: 1; transform: translate3d(0px, 0px, 0px);"
      >
        <div
          aria-hidden="false"
          class="slick-slide slick-active slick-current"
          data-index="0"
          style="outline: none; width: 0px;"
          tabindex="-1"
        >
          <div>
            <div
              style="width: 100%; display: inline-block;"
              tabindex="-1"
            >
              Carousel Item 1
            </div>
          </div>
        </div>
        <div
          aria-hidden="false"
          class="slick-slide slick-active"
          data-index="1"
          style="outline: none; width: 0px;"
          tabindex="-1"
        >
          <div>
            <div
              style="width: 100%; display: inline-block;"
              tabindex="-1"
            >
              Carousel Item 2
            </div>
          </div>
        </div>
        <div
          aria-hidden="false"
          class="slick-slide slick-active"
          data-index="2"
          style="outline: none; width: 0px;"
          tabindex="-1"
        >
          <div>
            <div
              style="width: 100%; display: inline-block;"
              tabindex="-1"
            >
              Carousel Item 3
            </div>
          </div>
        </div>
        <div
          aria-hidden="true"
          class="slick-slide"
          data-index="3"
          style="outline: none; width: 0px;"
          tabindex="-1"
        >
          <div>
            <div
              style="width: 100%; display: inline-block;"
              tabindex="-1"
            >
              Carousel Item 4
            </div>
          </div>
        </div>
      </div>
    </div>
    <div
      class="slick-arrow slick-next"
      style="display: block;"
    >
      <svg
        fill="none"
        height="24"
        stroke="currentColor"
        stroke-linecap="round"
        stroke-linejoin="round"
        stroke-width="2"
        viewBox="0 0 24 24"
        width="24"
        xmlns="http://www.w3.org/2000/svg"
      >
        <line
          x1="5"
          x2="19"
          y1="12"
          y2="12"
        />
        <polyline
          points="12 5 19 12 12 19"
        />
      </svg>
    </div>
    <ul
      class="slick-dots"
      style="display: block;"
    >
      <li
        class="slick-active"
      >
        <button>
          1
        </button>
      </li>
      <li
        class=""
      >
        <button>
          2
        </button>
      </li>
      <li
        class=""
      >
        <button>
          3
        </button>
      </li>
    </ul>
  </div>
</div>
`;
